aaron-bond.better-comments
batisteo.vscode-django
bmuskalla.vscode-tldr
cocopon.iceberg-theme
CoenraadS.bracket-pair-colorizer
coolbear.systemd-unit-file
DavidAnson.vscode-markdownlint
dbaeumer.vscode-eslint
dcasella.i3
DotJoshJohnson.xml
dqisme.sync-scroll
eamodio.gitlens
EditorConfig.EditorConfig
EugenWiens.bitbake
formulahendry.auto-close-tag
geeksharp.openssl-configuration-file
golang.go
haaaad.ansible
HookyQR.beautify
j4ng5y.charactercount
jebbs.plantuml
jlcs-es.x509-parser
lextudio.restructuredtext
mechatroner.rainbow-csv
mrmlnc.vscode-apache
ms-azuretools.vscode-docker
ms-python.python
ms-python.vscode-pylance
ms-toolsai.jupyter
ms-vscode-remote.remote-containers
ms-vscode-remote.remote-ssh
ms-vscode-remote.remote-ssh-edit
ms-vscode.cpptools
naumovs.color-highlight
redhat.vscode-xml
redhat.vscode-yaml
Shan.code-settings-sync
shardulm94.trailing-spaces
techer.open-in-browser
timonwong.shellcheck
tommorris.mako
vincaslt.highlight-matching-tag
VisualStudioExptTeam.vscodeintellicode
voldemortensen.rainbow-tags
vscoss.vscode-ansible
wayou.vscode-todo-highlight
wengerk.highlight-bad-chars
wholroyd.jinja
ZainChen.json
